07-23 21:53:38 com_github_MitjaNemec_ReplicateLayout.action_replicate_layout 409:Plugin executed on: 'win32'
07-23 21:53:38 com_github_MitjaNemec_ReplicateLayout.action_replicate_layout 410:Plugin executed with python version: '3.11.5 (main, Jan 27 2025, 07:08:36) [MSC v.1942 64 bit (AMD64)]'
07-23 21:53:38 com_github_MitjaNemec_ReplicateLayout.action_replicate_layout 411:KiCad build version: 9.0.0
07-23 21:53:38 com_github_MitjaNemec_ReplicateLayout.action_replicate_layout 412:Plugin version: 4.0.3
07-23 21:53:38 com_github_MitjaNemec_ReplicateLayout.action_replicate_layout 413:Frame repr: <wx._core.Frame object at 0x0000027AD07004C0>
07-23 21:53:38 com_github_MitjaNemec_ReplicateLayout.action_replicate_layout 437:Preparing replicator with J1 as a reference
07-23 21:53:38 com_github_MitjaNemec_ReplicateLayout.replicate_layout 117:getting a list of all footprints on board
07-23 21:53:38 com_github_MitjaNemec_ReplicateLayout.action_replicate_layout 485:source anchor footprint is 'J1'
Located on: ['/Power Output/']
With filenames: ['output.kicad_sch']
With sheet_id:['/Power Output/']
07-23 21:53:38 com_github_MitjaNemec_ReplicateLayout.action_replicate_layout 492:Corresponding footprints are 
[('J8', ['/Power Output7/']), ('J5', ['/Power Output4/']), ('J13', ['/Power Output12/']), ('J14', ['/Power Output13/']), ('J10', ['/Power Output9/']), ('J3', ['/Power Output2/']), ('J2', ['/Power Output1/']), ('J6', ['/Power Output5/']), ('J12', ['/Power Output11/']), ('J7', ['/Power Output6/']), ('J1', ['/Power Output/']), ('J9', ['/Power Output8/']), ('J4', ['/Power Output3/']), ('J11', ['/Power Output10/'])]
07-23 21:53:38 com_github_MitjaNemec_ReplicateLayout.action_replicate_layout 504:Showing dialog
07-23 21:53:38 com_github_MitjaNemec_ReplicateLayout.replicate_layout 472:constructing a list of sheets suitable for replication on level:'/Power Output/', file:'output.kicad_sch'
07-23 21:53:38 com_github_MitjaNemec_ReplicateLayout.replicate_layout 509:suitable sheets are:[['/Power Output1/'], ['/Power Output10/'], ['/Power Output11/'], ['/Power Output12/'], ['/Power Output13/'], ['/Power Output2/'], ['/Power Output3/'], ['/Power Output4/'], ['/Power Output5/'], ['/Power Output6/'], ['/Power Output7/'], ['/Power Output8/'], ['/Power Output9/']]
07-23 21:53:38 com_github_MitjaNemec_ReplicateLayout.replicate_layout 1512:Level selected: ['/Power Output/']
07-23 21:53:38 com_github_MitjaNemec_ReplicateLayout.replicate_layout 1336:Filtering list of tracks
07-23 21:53:38 com_github_MitjaNemec_ReplicateLayout.action_replicate_layout 510:Toolbar position: wx.Point(1646, 142)
07-23 21:53:38 com_github_MitjaNemec_ReplicateLayout.action_replicate_layout 515:Dialog position: wx.Point(1207, 142)
07-23 21:53:40 com_github_MitjaNemec_ReplicateLayout.replicate_layout 472:constructing a list of sheets suitable for replication on level:'/Power Output/', file:'output.kicad_sch'
07-23 21:53:40 com_github_MitjaNemec_ReplicateLayout.replicate_layout 509:suitable sheets are:[['/Power Output1/'], ['/Power Output10/'], ['/Power Output11/'], ['/Power Output12/'], ['/Power Output13/'], ['/Power Output2/'], ['/Power Output3/'], ['/Power Output4/'], ['/Power Output5/'], ['/Power Output6/'], ['/Power Output7/'], ['/Power Output8/'], ['/Power Output9/']]
07-23 21:53:40 com_github_MitjaNemec_ReplicateLayout.replicate_layout 1512:Level selected: ['/Power Output/']
07-23 21:53:40 com_github_MitjaNemec_ReplicateLayout.replicate_layout 1336:Filtering list of tracks
07-23 21:53:41 com_github_MitjaNemec_ReplicateLayout.replicate_layout 472:constructing a list of sheets suitable for replication on level:'/Power Output/', file:'output.kicad_sch'
07-23 21:53:41 com_github_MitjaNemec_ReplicateLayout.replicate_layout 509:suitable sheets are:[['/Power Output1/'], ['/Power Output10/'], ['/Power Output11/'], ['/Power Output12/'], ['/Power Output13/'], ['/Power Output2/'], ['/Power Output3/'], ['/Power Output4/'], ['/Power Output5/'], ['/Power Output6/'], ['/Power Output7/'], ['/Power Output8/'], ['/Power Output9/']]
07-23 21:53:41 com_github_MitjaNemec_ReplicateLayout.replicate_layout 1512:Level selected: ['/Power Output/']
07-23 21:53:41 com_github_MitjaNemec_ReplicateLayout.replicate_layout 1336:Filtering list of tracks
07-23 21:53:45 com_github_MitjaNemec_ReplicateLayout.replicate_layout 472:constructing a list of sheets suitable for replication on level:'/Power Output/', file:'output.kicad_sch'
07-23 21:53:45 com_github_MitjaNemec_ReplicateLayout.replicate_layout 509:suitable sheets are:[['/Power Output1/'], ['/Power Output10/'], ['/Power Output11/'], ['/Power Output12/'], ['/Power Output13/'], ['/Power Output2/'], ['/Power Output3/'], ['/Power Output4/'], ['/Power Output5/'], ['/Power Output6/'], ['/Power Output7/'], ['/Power Output8/'], ['/Power Output9/']]
07-23 21:53:45 com_github_MitjaNemec_ReplicateLayout.action_replicate_layout 248:Replicating layout
07-23 21:53:45 com_github_MitjaNemec_ReplicateLayout.replicate_layout 288:Starting replication of sheets: [['/Power Output1/'], ['/Power Output10/'], ['/Power Output11/'], ['/Power Output12/'], ['/Power Output13/'], ['/Power Output2/'], ['/Power Output3/'], ['/Power Output4/'], ['/Power Output5/'], ['/Power Output6/'], ['/Power Output7/'], ['/Power Output8/'], ['/Power Output9/']]
on level: ['/Power Output/']
with tracks=True, zone=True, text=True, text=True, intersecting=False, remove=False, locked footprints=False, group_only=False
07-23 21:53:45 root 340:updating GUI message: 'Preparing for replication'
07-23 21:53:45 root 345:updating GUI with: 0
07-23 21:53:45 com_github_MitjaNemec_ReplicateLayout.replicate_layout 358:Getting the list of source footprints
07-23 21:53:45 com_github_MitjaNemec_ReplicateLayout.replicate_layout 368:Getting the list of all the remaining footprints
07-23 21:53:45 com_github_MitjaNemec_ReplicateLayout.replicate_layout 375:Getting source tracks
07-23 21:53:45 com_github_MitjaNemec_ReplicateLayout.replicate_layout 1336:Filtering list of tracks
07-23 21:53:45 com_github_MitjaNemec_ReplicateLayout.replicate_layout 379:Getting source zones
07-23 21:53:45 com_github_MitjaNemec_ReplicateLayout.replicate_layout 383:Getting source text items
07-23 21:53:45 com_github_MitjaNemec_ReplicateLayout.replicate_layout 387:Getting source drawing items
07-23 21:53:45 root 340:updating GUI message: 'Replicating footprints'
07-23 21:53:45 com_github_MitjaNemec_ReplicateLayout.replicate_layout 863:Replicating footprints
07-23 21:53:45 com_github_MitjaNemec_ReplicateLayout.replicate_layout 870:Replicating footprints on sheet ['/Power Output1/']
07-23 21:53:45 com_github_MitjaNemec_ReplicateLayout.replicate_layout 835:Src fp.id: 'C7558BA8-B748-4650-8D74-EE7BCA381AD0'
07-23 21:53:45 com_github_MitjaNemec_ReplicateLayout.replicate_layout 839:Dst fp.id: 'C7558BA8-B748-4650-8D74-EE7BCA381AD0'
07-23 21:53:45 com_github_MitjaNemec_ReplicateLayout.replicate_layout 888:Replicating footprint: 'J1'
07-23 21:53:45 com_github_MitjaNemec_ReplicateLayout.replicate_layout 835:Src fp.id: 'C7558BA8-B748-4650-8D74-EE7BCA381AD0'
07-23 21:53:45 com_github_MitjaNemec_ReplicateLayout.replicate_layout 839:Dst fp.id: 'C7558BA8-B748-4650-8D74-EE7BCA381AD0'
07-23 21:53:45 com_github_MitjaNemec_ReplicateLayout.replicate_layout 895:found match in dst footprint: 'J2'
07-23 21:53:45 com_github_MitjaNemec_ReplicateLayout.replicate_layout 990:Src text UUid:b670c366-2cbe-4bab-a7e9-b3e5832f8632
07-23 21:53:45 com_github_MitjaNemec_ReplicateLayout.replicate_layout 991:Dst text UUid:fee6f6b8-71f5-409c-9ee8-8a8323437475
07-23 21:53:45 com_github_MitjaNemec_ReplicateLayout.replicate_layout 990:Src text UUid:734ef93c-3811-4b19-9834-4f2982b883cd
07-23 21:53:45 com_github_MitjaNemec_ReplicateLayout.replicate_layout 991:Dst text UUid:0a95ce53-ee5a-47a7-9851-4818223d12ba
07-23 21:53:45 com_github_MitjaNemec_ReplicateLayout.replicate_layout 990:Src text UUid:22881d36-c280-40e5-ab39-6f057c1df20b
07-23 21:53:45 com_github_MitjaNemec_ReplicateLayout.replicate_layout 991:Dst text UUid:efb340d6-222c-4abe-ac3b-a9828310ee4e
07-23 21:53:45 com_github_MitjaNemec_ReplicateLayout.replicate_layout 990:Src text UUid:6b47a59e-7ed2-4258-bf23-284b9531057c
07-23 21:53:45 com_github_MitjaNemec_ReplicateLayout.replicate_layout 991:Dst text UUid:1c5e9182-88b6-4e34-9c0d-78fdb4d1c14d
07-23 21:53:45 com_github_MitjaNemec_ReplicateLayout.replicate_layout 990:Src text UUid:02dee529-e7f5-4266-888b-a15b2987ff17
07-23 21:53:45 com_github_MitjaNemec_ReplicateLayout.replicate_layout 991:Dst text UUid:5c25a1c3-26ca-4c80-99fc-9af90f2122e7
07-23 21:53:45 com_github_MitjaNemec_ReplicateLayout.replicate_layout 888:Replicating footprint: 'F1'
07-23 21:53:45 com_github_MitjaNemec_ReplicateLayout.replicate_layout 835:Src fp.id: '144E7670-AAEA-4A7D-90E5-853082AB39E8'
07-23 21:53:45 com_github_MitjaNemec_ReplicateLayout.replicate_layout 839:Dst fp.id: '144E7670-AAEA-4A7D-90E5-853082AB39E8'
07-23 21:53:45 com_github_MitjaNemec_ReplicateLayout.replicate_layout 895:found match in dst footprint: 'F2'
07-23 21:53:45 com_github_MitjaNemec_ReplicateLayout.replicate_layout 990:Src text UUid:10e51052-2952-41d0-8eda-69e3ab76867e
07-23 21:53:45 com_github_MitjaNemec_ReplicateLayout.replicate_layout 991:Dst text UUid:563570ed-1bad-4755-a3e2-d5b8fcdd8d2d
07-23 21:53:45 com_github_MitjaNemec_ReplicateLayout.replicate_layout 990:Src text UUid:8ebfede6-f156-468d-a46e-4261de9781a1
07-23 21:53:45 com_github_MitjaNemec_ReplicateLayout.replicate_layout 991:Dst text UUid:c5235e97-ef6d-4c35-98d3-849faad2a21d
07-23 21:53:45 com_github_MitjaNemec_ReplicateLayout.replicate_layout 870:Replicating footprints on sheet ['/Power Output10/']
07-23 21:53:45 com_github_MitjaNemec_ReplicateLayout.replicate_layout 835:Src fp.id: 'C7558BA8-B748-4650-8D74-EE7BCA381AD0'
07-23 21:53:45 com_github_MitjaNemec_ReplicateLayout.replicate_layout 839:Dst fp.id: 'C7558BA8-B748-4650-8D74-EE7BCA381AD0'
07-23 21:53:45 com_github_MitjaNemec_ReplicateLayout.replicate_layout 888:Replicating footprint: 'J1'
07-23 21:53:45 com_github_MitjaNemec_ReplicateLayout.replicate_layout 835:Src fp.id: 'C7558BA8-B748-4650-8D74-EE7BCA381AD0'
07-23 21:53:45 com_github_MitjaNemec_ReplicateLayout.replicate_layout 839:Dst fp.id: 'C7558BA8-B748-4650-8D74-EE7BCA381AD0'
07-23 21:53:45 com_github_MitjaNemec_ReplicateLayout.replicate_layout 895:found match in dst footprint: 'J11'
07-23 21:53:45 com_github_MitjaNemec_ReplicateLayout.replicate_layout 990:Src text UUid:b670c366-2cbe-4bab-a7e9-b3e5832f8632
07-23 21:53:45 com_github_MitjaNemec_ReplicateLayout.replicate_layout 991:Dst text UUid:98514d0c-b45e-43b4-aec6-62cdeafff039
07-23 21:53:45 com_github_MitjaNemec_ReplicateLayout.replicate_layout 990:Src text UUid:734ef93c-3811-4b19-9834-4f2982b883cd
07-23 21:53:45 com_github_MitjaNemec_ReplicateLayout.replicate_layout 991:Dst text UUid:87ff5b0b-e26f-46e9-98a8-f1f0800b66a3
07-23 21:53:45 com_github_MitjaNemec_ReplicateLayout.replicate_layout 990:Src text UUid:22881d36-c280-40e5-ab39-6f057c1df20b
07-23 21:53:45 com_github_MitjaNemec_ReplicateLayout.replicate_layout 991:Dst text UUid:9062d962-3b20-4e52-a52c-ef933f9ce303
07-23 21:53:45 com_github_MitjaNemec_ReplicateLayout.replicate_layout 990:Src text UUid:6b47a59e-7ed2-4258-bf23-284b9531057c
07-23 21:53:45 com_github_MitjaNemec_ReplicateLayout.replicate_layout 991:Dst text UUid:64cc025d-d7f2-43c3-a32c-73d250665d8f
07-23 21:53:45 com_github_MitjaNemec_ReplicateLayout.replicate_layout 990:Src text UUid:02dee529-e7f5-4266-888b-a15b2987ff17
07-23 21:53:45 com_github_MitjaNemec_ReplicateLayout.replicate_layout 991:Dst text UUid:1a3ce776-d029-498a-a8ac-55da746f15ac
07-23 21:53:45 com_github_MitjaNemec_ReplicateLayout.replicate_layout 888:Replicating footprint: 'F1'
07-23 21:53:45 com_github_MitjaNemec_ReplicateLayout.replicate_layout 835:Src fp.id: '144E7670-AAEA-4A7D-90E5-853082AB39E8'
07-23 21:53:45 com_github_MitjaNemec_ReplicateLayout.replicate_layout 839:Dst fp.id: '144E7670-AAEA-4A7D-90E5-853082AB39E8'
07-23 21:53:45 com_github_MitjaNemec_ReplicateLayout.replicate_layout 895:found match in dst footprint: 'F11'
07-23 21:53:45 com_github_MitjaNemec_ReplicateLayout.replicate_layout 990:Src text UUid:10e51052-2952-41d0-8eda-69e3ab76867e
07-23 21:53:45 com_github_MitjaNemec_ReplicateLayout.replicate_layout 991:Dst text UUid:a8ab325a-093d-4907-9bde-9b424f448dbc
07-23 21:53:45 com_github_MitjaNemec_ReplicateLayout.replicate_layout 990:Src text UUid:8ebfede6-f156-468d-a46e-4261de9781a1
07-23 21:53:45 com_github_MitjaNemec_ReplicateLayout.replicate_layout 991:Dst text UUid:c9a92fe3-3a29-4109-8881-d0b7b89105b9
07-23 21:53:45 com_github_MitjaNemec_ReplicateLayout.replicate_layout 870:Replicating footprints on sheet ['/Power Output11/']
07-23 21:53:45 com_github_MitjaNemec_ReplicateLayout.replicate_layout 835:Src fp.id: 'C7558BA8-B748-4650-8D74-EE7BCA381AD0'
07-23 21:53:45 com_github_MitjaNemec_ReplicateLayout.replicate_layout 839:Dst fp.id: 'C7558BA8-B748-4650-8D74-EE7BCA381AD0'
07-23 21:53:45 com_github_MitjaNemec_ReplicateLayout.replicate_layout 888:Replicating footprint: 'J1'
07-23 21:53:45 com_github_MitjaNemec_ReplicateLayout.replicate_layout 835:Src fp.id: 'C7558BA8-B748-4650-8D74-EE7BCA381AD0'
07-23 21:53:45 com_github_MitjaNemec_ReplicateLayout.replicate_layout 839:Dst fp.id: 'C7558BA8-B748-4650-8D74-EE7BCA381AD0'
07-23 21:53:45 com_github_MitjaNemec_ReplicateLayout.replicate_layout 895:found match in dst footprint: 'J12'
07-23 21:53:45 com_github_MitjaNemec_ReplicateLayout.replicate_layout 990:Src text UUid:b670c366-2cbe-4bab-a7e9-b3e5832f8632
07-23 21:53:45 com_github_MitjaNemec_ReplicateLayout.replicate_layout 991:Dst text UUid:6ef41367-213c-4015-855c-2a24a521b368
07-23 21:53:45 com_github_MitjaNemec_ReplicateLayout.replicate_layout 990:Src text UUid:734ef93c-3811-4b19-9834-4f2982b883cd
07-23 21:53:45 com_github_MitjaNemec_ReplicateLayout.replicate_layout 991:Dst text UUid:52f760c1-f378-4aeb-b4ae-e0a0f9b0e222
07-23 21:53:45 com_github_MitjaNemec_ReplicateLayout.replicate_layout 990:Src text UUid:22881d36-c280-40e5-ab39-6f057c1df20b
07-23 21:53:45 com_github_MitjaNemec_ReplicateLayout.replicate_layout 991:Dst text UUid:2ea88699-32e7-43cb-b56b-0eab1762d02b
07-23 21:53:45 com_github_MitjaNemec_ReplicateLayout.replicate_layout 990:Src text UUid:6b47a59e-7ed2-4258-bf23-284b9531057c
07-23 21:53:45 com_github_MitjaNemec_ReplicateLayout.replicate_layout 991:Dst text UUid:f887989c-46db-4aff-914e-830d8b6fc27e
07-23 21:53:45 com_github_MitjaNemec_ReplicateLayout.replicate_layout 990:Src text UUid:02dee529-e7f5-4266-888b-a15b2987ff17
07-23 21:53:45 com_github_MitjaNemec_ReplicateLayout.replicate_layout 991:Dst text UUid:7579bdeb-fc34-4d21-a498-ea77edca3a11
07-23 21:53:45 com_github_MitjaNemec_ReplicateLayout.replicate_layout 888:Replicating footprint: 'F1'
07-23 21:53:45 com_github_MitjaNemec_ReplicateLayout.replicate_layout 835:Src fp.id: '144E7670-AAEA-4A7D-90E5-853082AB39E8'
07-23 21:53:45 com_github_MitjaNemec_ReplicateLayout.replicate_layout 839:Dst fp.id: '144E7670-AAEA-4A7D-90E5-853082AB39E8'
07-23 21:53:45 com_github_MitjaNemec_ReplicateLayout.replicate_layout 895:found match in dst footprint: 'F12'
07-23 21:53:45 com_github_MitjaNemec_ReplicateLayout.replicate_layout 990:Src text UUid:10e51052-2952-41d0-8eda-69e3ab76867e
07-23 21:53:45 com_github_MitjaNemec_ReplicateLayout.replicate_layout 991:Dst text UUid:c8967368-97d0-4197-9941-34ff837db7ec
07-23 21:53:45 com_github_MitjaNemec_ReplicateLayout.replicate_layout 990:Src text UUid:8ebfede6-f156-468d-a46e-4261de9781a1
07-23 21:53:45 com_github_MitjaNemec_ReplicateLayout.replicate_layout 991:Dst text UUid:230bafa5-44d7-4627-88ac-5110f84aa9fa
07-23 21:53:45 com_github_MitjaNemec_ReplicateLayout.replicate_layout 870:Replicating footprints on sheet ['/Power Output12/']
07-23 21:53:45 com_github_MitjaNemec_ReplicateLayout.replicate_layout 835:Src fp.id: 'C7558BA8-B748-4650-8D74-EE7BCA381AD0'
07-23 21:53:45 com_github_MitjaNemec_ReplicateLayout.replicate_layout 839:Dst fp.id: 'C7558BA8-B748-4650-8D74-EE7BCA381AD0'
07-23 21:53:45 com_github_MitjaNemec_ReplicateLayout.replicate_layout 888:Replicating footprint: 'J1'
07-23 21:53:45 com_github_MitjaNemec_ReplicateLayout.replicate_layout 835:Src fp.id: 'C7558BA8-B748-4650-8D74-EE7BCA381AD0'
07-23 21:53:45 com_github_MitjaNemec_ReplicateLayout.replicate_layout 839:Dst fp.id: 'C7558BA8-B748-4650-8D74-EE7BCA381AD0'
07-23 21:53:45 com_github_MitjaNemec_ReplicateLayout.replicate_layout 895:found match in dst footprint: 'J13'
07-23 21:53:45 com_github_MitjaNemec_ReplicateLayout.replicate_layout 990:Src text UUid:b670c366-2cbe-4bab-a7e9-b3e5832f8632
07-23 21:53:45 com_github_MitjaNemec_ReplicateLayout.replicate_layout 991:Dst text UUid:5203a9de-7801-4be4-8f04-4af32e02eac3
07-23 21:53:45 com_github_MitjaNemec_ReplicateLayout.replicate_layout 990:Src text UUid:734ef93c-3811-4b19-9834-4f2982b883cd
07-23 21:53:45 com_github_MitjaNemec_ReplicateLayout.replicate_layout 991:Dst text UUid:5641c5cc-1fc2-4ede-8151-cbbbe43345ca
07-23 21:53:45 com_github_MitjaNemec_ReplicateLayout.replicate_layout 990:Src text UUid:22881d36-c280-40e5-ab39-6f057c1df20b
07-23 21:53:45 com_github_MitjaNemec_ReplicateLayout.replicate_layout 991:Dst text UUid:bdb58d94-29f0-4c4d-a5a1-d444e11a2d09
07-23 21:53:45 com_github_MitjaNemec_ReplicateLayout.replicate_layout 990:Src text UUid:6b47a59e-7ed2-4258-bf23-284b9531057c
07-23 21:53:45 com_github_MitjaNemec_ReplicateLayout.replicate_layout 991:Dst text UUid:74eb3bc2-d5bb-4942-9fa6-3533d7c1a9f2
07-23 21:53:45 com_github_MitjaNemec_ReplicateLayout.replicate_layout 990:Src text UUid:02dee529-e7f5-4266-888b-a15b2987ff17
07-23 21:53:45 com_github_MitjaNemec_ReplicateLayout.replicate_layout 991:Dst text UUid:c49f8198-299d-43af-9c48-a3c7254df78e
07-23 21:53:45 com_github_MitjaNemec_ReplicateLayout.replicate_layout 888:Replicating footprint: 'F1'
07-23 21:53:45 com_github_MitjaNemec_ReplicateLayout.replicate_layout 835:Src fp.id: '144E7670-AAEA-4A7D-90E5-853082AB39E8'
07-23 21:53:45 com_github_MitjaNemec_ReplicateLayout.replicate_layout 839:Dst fp.id: '144E7670-AAEA-4A7D-90E5-853082AB39E8'
07-23 21:53:45 com_github_MitjaNemec_ReplicateLayout.replicate_layout 895:found match in dst footprint: 'F13'
07-23 21:53:45 com_github_MitjaNemec_ReplicateLayout.replicate_layout 990:Src text UUid:10e51052-2952-41d0-8eda-69e3ab76867e
07-23 21:53:45 com_github_MitjaNemec_ReplicateLayout.replicate_layout 991:Dst text UUid:b6513a53-550c-4d7e-bae1-fc58cb08da70
07-23 21:53:45 com_github_MitjaNemec_ReplicateLayout.replicate_layout 990:Src text UUid:8ebfede6-f156-468d-a46e-4261de9781a1
07-23 21:53:45 com_github_MitjaNemec_ReplicateLayout.replicate_layout 991:Dst text UUid:2dee6d44-e0cc-4b24-a87a-b0dfb1602761
07-23 21:53:45 com_github_MitjaNemec_ReplicateLayout.replicate_layout 870:Replicating footprints on sheet ['/Power Output13/']
07-23 21:53:45 com_github_MitjaNemec_ReplicateLayout.replicate_layout 835:Src fp.id: 'C7558BA8-B748-4650-8D74-EE7BCA381AD0'
07-23 21:53:45 com_github_MitjaNemec_ReplicateLayout.replicate_layout 839:Dst fp.id: 'C7558BA8-B748-4650-8D74-EE7BCA381AD0'
07-23 21:53:45 com_github_MitjaNemec_ReplicateLayout.replicate_layout 888:Replicating footprint: 'J1'
07-23 21:53:45 com_github_MitjaNemec_ReplicateLayout.replicate_layout 835:Src fp.id: 'C7558BA8-B748-4650-8D74-EE7BCA381AD0'
07-23 21:53:45 com_github_MitjaNemec_ReplicateLayout.replicate_layout 839:Dst fp.id: 'C7558BA8-B748-4650-8D74-EE7BCA381AD0'
07-23 21:53:45 com_github_MitjaNemec_ReplicateLayout.replicate_layout 895:found match in dst footprint: 'J14'
07-23 21:53:45 com_github_MitjaNemec_ReplicateLayout.replicate_layout 990:Src text UUid:b670c366-2cbe-4bab-a7e9-b3e5832f8632
07-23 21:53:45 com_github_MitjaNemec_ReplicateLayout.replicate_layout 991:Dst text UUid:4128c34f-cc4a-4de0-a665-0b12bcd733f8
07-23 21:53:45 com_github_MitjaNemec_ReplicateLayout.replicate_layout 990:Src text UUid:734ef93c-3811-4b19-9834-4f2982b883cd
07-23 21:53:45 com_github_MitjaNemec_ReplicateLayout.replicate_layout 991:Dst text UUid:50fd80a4-8c38-49b1-8479-e492684270fa
07-23 21:53:45 com_github_MitjaNemec_ReplicateLayout.replicate_layout 990:Src text UUid:22881d36-c280-40e5-ab39-6f057c1df20b
07-23 21:53:45 com_github_MitjaNemec_ReplicateLayout.replicate_layout 991:Dst text UUid:b9493e64-a2e0-4a05-87cc-9968e7294c21
07-23 21:53:45 com_github_MitjaNemec_ReplicateLayout.replicate_layout 990:Src text UUid:6b47a59e-7ed2-4258-bf23-284b9531057c
07-23 21:53:45 com_github_MitjaNemec_ReplicateLayout.replicate_layout 991:Dst text UUid:32ce240d-f7f3-4936-bf10-ab5cf9dc327f
07-23 21:53:45 com_github_MitjaNemec_ReplicateLayout.replicate_layout 990:Src text UUid:02dee529-e7f5-4266-888b-a15b2987ff17
07-23 21:53:45 com_github_MitjaNemec_ReplicateLayout.replicate_layout 991:Dst text UUid:ee9019fa-02ed-4132-a215-9fc117113dcb
07-23 21:53:45 com_github_MitjaNemec_ReplicateLayout.replicate_layout 888:Replicating footprint: 'F1'
07-23 21:53:45 com_github_MitjaNemec_ReplicateLayout.replicate_layout 835:Src fp.id: '144E7670-AAEA-4A7D-90E5-853082AB39E8'
07-23 21:53:45 com_github_MitjaNemec_ReplicateLayout.replicate_layout 839:Dst fp.id: '144E7670-AAEA-4A7D-90E5-853082AB39E8'
07-23 21:53:45 com_github_MitjaNemec_ReplicateLayout.replicate_layout 895:found match in dst footprint: 'F14'
07-23 21:53:45 com_github_MitjaNemec_ReplicateLayout.replicate_layout 990:Src text UUid:10e51052-2952-41d0-8eda-69e3ab76867e
07-23 21:53:45 com_github_MitjaNemec_ReplicateLayout.replicate_layout 991:Dst text UUid:387363f0-01df-438c-a315-3d2778bbbe3b
07-23 21:53:45 com_github_MitjaNemec_ReplicateLayout.replicate_layout 990:Src text UUid:8ebfede6-f156-468d-a46e-4261de9781a1
07-23 21:53:45 com_github_MitjaNemec_ReplicateLayout.replicate_layout 991:Dst text UUid:7a8c0e39-8c0c-4e5a-b7e6-2e2d29c99c6b
07-23 21:53:45 com_github_MitjaNemec_ReplicateLayout.replicate_layout 870:Replicating footprints on sheet ['/Power Output2/']
07-23 21:53:45 com_github_MitjaNemec_ReplicateLayout.replicate_layout 835:Src fp.id: 'C7558BA8-B748-4650-8D74-EE7BCA381AD0'
07-23 21:53:45 com_github_MitjaNemec_ReplicateLayout.replicate_layout 839:Dst fp.id: 'C7558BA8-B748-4650-8D74-EE7BCA381AD0'
07-23 21:53:45 com_github_MitjaNemec_ReplicateLayout.replicate_layout 888:Replicating footprint: 'J1'
07-23 21:53:45 com_github_MitjaNemec_ReplicateLayout.replicate_layout 835:Src fp.id: 'C7558BA8-B748-4650-8D74-EE7BCA381AD0'
07-23 21:53:45 com_github_MitjaNemec_ReplicateLayout.replicate_layout 839:Dst fp.id: 'C7558BA8-B748-4650-8D74-EE7BCA381AD0'
07-23 21:53:45 com_github_MitjaNemec_ReplicateLayout.replicate_layout 895:found match in dst footprint: 'J3'
07-23 21:53:45 com_github_MitjaNemec_ReplicateLayout.replicate_layout 990:Src text UUid:b670c366-2cbe-4bab-a7e9-b3e5832f8632
07-23 21:53:45 com_github_MitjaNemec_ReplicateLayout.replicate_layout 991:Dst text UUid:28c72391-89e7-487b-85f1-c2b580fd229d
07-23 21:53:45 com_github_MitjaNemec_ReplicateLayout.replicate_layout 990:Src text UUid:734ef93c-3811-4b19-9834-4f2982b883cd
07-23 21:53:45 com_github_MitjaNemec_ReplicateLayout.replicate_layout 991:Dst text UUid:0c806673-c287-4660-9aab-ade5f5c8d114
07-23 21:53:45 com_github_MitjaNemec_ReplicateLayout.replicate_layout 990:Src text UUid:22881d36-c280-40e5-ab39-6f057c1df20b
07-23 21:53:45 com_github_MitjaNemec_ReplicateLayout.replicate_layout 991:Dst text UUid:fc638051-830d-491e-88b9-0db50ef2f371
07-23 21:53:45 com_github_MitjaNemec_ReplicateLayout.replicate_layout 990:Src text UUid:6b47a59e-7ed2-4258-bf23-284b9531057c
07-23 21:53:45 com_github_MitjaNemec_ReplicateLayout.replicate_layout 991:Dst text UUid:3b438737-ece7-4f2f-8b3e-a18c6bf2af7f
07-23 21:53:45 com_github_MitjaNemec_ReplicateLayout.replicate_layout 990:Src text UUid:02dee529-e7f5-4266-888b-a15b2987ff17
07-23 21:53:45 com_github_MitjaNemec_ReplicateLayout.replicate_layout 991:Dst text UUid:ac2979a3-4ce0-4984-87bd-83a118f4fd97
07-23 21:53:45 com_github_MitjaNemec_ReplicateLayout.replicate_layout 888:Replicating footprint: 'F1'
07-23 21:53:45 com_github_MitjaNemec_ReplicateLayout.replicate_layout 835:Src fp.id: '144E7670-AAEA-4A7D-90E5-853082AB39E8'
07-23 21:53:45 com_github_MitjaNemec_ReplicateLayout.replicate_layout 839:Dst fp.id: '144E7670-AAEA-4A7D-90E5-853082AB39E8'
07-23 21:53:45 com_github_MitjaNemec_ReplicateLayout.replicate_layout 895:found match in dst footprint: 'F3'
07-23 21:53:45 com_github_MitjaNemec_ReplicateLayout.replicate_layout 990:Src text UUid:10e51052-2952-41d0-8eda-69e3ab76867e
07-23 21:53:45 com_github_MitjaNemec_ReplicateLayout.replicate_layout 991:Dst text UUid:5ee9717d-0c6a-4f32-b48c-5eaf3285bf79
07-23 21:53:45 com_github_MitjaNemec_ReplicateLayout.replicate_layout 990:Src text UUid:8ebfede6-f156-468d-a46e-4261de9781a1
07-23 21:53:45 com_github_MitjaNemec_ReplicateLayout.replicate_layout 991:Dst text UUid:b3248760-d4a1-4e4b-bca3-75d9b04452c4
07-23 21:53:45 com_github_MitjaNemec_ReplicateLayout.replicate_layout 870:Replicating footprints on sheet ['/Power Output3/']
07-23 21:53:45 com_github_MitjaNemec_ReplicateLayout.replicate_layout 835:Src fp.id: 'C7558BA8-B748-4650-8D74-EE7BCA381AD0'
07-23 21:53:45 com_github_MitjaNemec_ReplicateLayout.replicate_layout 839:Dst fp.id: 'C7558BA8-B748-4650-8D74-EE7BCA381AD0'
07-23 21:53:45 com_github_MitjaNemec_ReplicateLayout.replicate_layout 888:Replicating footprint: 'J1'
07-23 21:53:45 com_github_MitjaNemec_ReplicateLayout.replicate_layout 835:Src fp.id: 'C7558BA8-B748-4650-8D74-EE7BCA381AD0'
07-23 21:53:45 com_github_MitjaNemec_ReplicateLayout.replicate_layout 839:Dst fp.id: 'C7558BA8-B748-4650-8D74-EE7BCA381AD0'
07-23 21:53:45 com_github_MitjaNemec_ReplicateLayout.replicate_layout 895:found match in dst footprint: 'J4'
07-23 21:53:45 com_github_MitjaNemec_ReplicateLayout.replicate_layout 990:Src text UUid:b670c366-2cbe-4bab-a7e9-b3e5832f8632
07-23 21:53:45 com_github_MitjaNemec_ReplicateLayout.replicate_layout 991:Dst text UUid:bddb947b-a218-4bf0-9983-5a260da0e70c
07-23 21:53:45 com_github_MitjaNemec_ReplicateLayout.replicate_layout 990:Src text UUid:734ef93c-3811-4b19-9834-4f2982b883cd
07-23 21:53:45 com_github_MitjaNemec_ReplicateLayout.replicate_layout 991:Dst text UUid:111c834d-da53-4d06-ab6c-e011d9ce8ebe
07-23 21:53:45 com_github_MitjaNemec_ReplicateLayout.replicate_layout 990:Src text UUid:22881d36-c280-40e5-ab39-6f057c1df20b
07-23 21:53:45 com_github_MitjaNemec_ReplicateLayout.replicate_layout 991:Dst text UUid:7c85c9ef-0cc9-400f-9ae4-4f69549a7bfd
07-23 21:53:45 com_github_MitjaNemec_ReplicateLayout.replicate_layout 990:Src text UUid:6b47a59e-7ed2-4258-bf23-284b9531057c
07-23 21:53:45 com_github_MitjaNemec_ReplicateLayout.replicate_layout 991:Dst text UUid:8c90550b-ef89-4eda-a96d-84fca805d737
07-23 21:53:45 com_github_MitjaNemec_ReplicateLayout.replicate_layout 990:Src text UUid:02dee529-e7f5-4266-888b-a15b2987ff17
07-23 21:53:45 com_github_MitjaNemec_ReplicateLayout.replicate_layout 991:Dst text UUid:fe10c4d2-00b3-4775-9fbd-12fbfbf9f10b
07-23 21:53:45 com_github_MitjaNemec_ReplicateLayout.replicate_layout 888:Replicating footprint: 'F1'
07-23 21:53:45 com_github_MitjaNemec_ReplicateLayout.replicate_layout 835:Src fp.id: '144E7670-AAEA-4A7D-90E5-853082AB39E8'
07-23 21:53:45 com_github_MitjaNemec_ReplicateLayout.replicate_layout 839:Dst fp.id: '144E7670-AAEA-4A7D-90E5-853082AB39E8'
07-23 21:53:45 com_github_MitjaNemec_ReplicateLayout.replicate_layout 895:found match in dst footprint: 'F4'
07-23 21:53:45 com_github_MitjaNemec_ReplicateLayout.replicate_layout 990:Src text UUid:10e51052-2952-41d0-8eda-69e3ab76867e
07-23 21:53:45 com_github_MitjaNemec_ReplicateLayout.replicate_layout 991:Dst text UUid:f4af8f03-d965-436d-bf60-bf10c55b06e5
07-23 21:53:45 com_github_MitjaNemec_ReplicateLayout.replicate_layout 990:Src text UUid:8ebfede6-f156-468d-a46e-4261de9781a1
07-23 21:53:45 com_github_MitjaNemec_ReplicateLayout.replicate_layout 991:Dst text UUid:97b29d9a-cbcd-4d7f-bac7-a3485ba9b2d7
07-23 21:53:45 com_github_MitjaNemec_ReplicateLayout.replicate_layout 870:Replicating footprints on sheet ['/Power Output4/']
07-23 21:53:45 com_github_MitjaNemec_ReplicateLayout.replicate_layout 835:Src fp.id: 'C7558BA8-B748-4650-8D74-EE7BCA381AD0'
07-23 21:53:45 com_github_MitjaNemec_ReplicateLayout.replicate_layout 839:Dst fp.id: 'C7558BA8-B748-4650-8D74-EE7BCA381AD0'
07-23 21:53:45 com_github_MitjaNemec_ReplicateLayout.replicate_layout 888:Replicating footprint: 'J1'
07-23 21:53:45 com_github_MitjaNemec_ReplicateLayout.replicate_layout 835:Src fp.id: 'C7558BA8-B748-4650-8D74-EE7BCA381AD0'
07-23 21:53:45 com_github_MitjaNemec_ReplicateLayout.replicate_layout 839:Dst fp.id: 'C7558BA8-B748-4650-8D74-EE7BCA381AD0'
07-23 21:53:45 com_github_MitjaNemec_ReplicateLayout.replicate_layout 895:found match in dst footprint: 'J5'
07-23 21:53:45 com_github_MitjaNemec_ReplicateLayout.replicate_layout 990:Src text UUid:b670c366-2cbe-4bab-a7e9-b3e5832f8632
07-23 21:53:45 com_github_MitjaNemec_ReplicateLayout.replicate_layout 991:Dst text UUid:ad839bc1-09fd-4e98-a54a-4766360d4d08
07-23 21:53:45 com_github_MitjaNemec_ReplicateLayout.replicate_layout 990:Src text UUid:734ef93c-3811-4b19-9834-4f2982b883cd
07-23 21:53:45 com_github_MitjaNemec_ReplicateLayout.replicate_layout 991:Dst text UUid:4b4d91c0-5bea-4a4c-9c05-45e6da25bb2a
07-23 21:53:45 com_github_MitjaNemec_ReplicateLayout.replicate_layout 990:Src text UUid:22881d36-c280-40e5-ab39-6f057c1df20b
07-23 21:53:45 com_github_MitjaNemec_ReplicateLayout.replicate_layout 991:Dst text UUid:476b8769-c1ca-4adf-8d9d-850a5491e322
07-23 21:53:45 com_github_MitjaNemec_ReplicateLayout.replicate_layout 990:Src text UUid:6b47a59e-7ed2-4258-bf23-284b9531057c
07-23 21:53:45 com_github_MitjaNemec_ReplicateLayout.replicate_layout 991:Dst text UUid:137574ef-4ab3-4e64-b14a-afc1a84a660c
07-23 21:53:45 com_github_MitjaNemec_ReplicateLayout.replicate_layout 990:Src text UUid:02dee529-e7f5-4266-888b-a15b2987ff17
07-23 21:53:45 com_github_MitjaNemec_ReplicateLayout.replicate_layout 991:Dst text UUid:dc9316a2-c1fa-4bda-b594-2d9f182d123b
07-23 21:53:45 com_github_MitjaNemec_ReplicateLayout.replicate_layout 888:Replicating footprint: 'F1'
07-23 21:53:45 root 345:updating GUI with: 61
07-23 21:53:45 com_github_MitjaNemec_ReplicateLayout.replicate_layout 835:Src fp.id: '144E7670-AAEA-4A7D-90E5-853082AB39E8'
07-23 21:53:45 com_github_MitjaNemec_ReplicateLayout.replicate_layout 839:Dst fp.id: '144E7670-AAEA-4A7D-90E5-853082AB39E8'
07-23 21:53:45 com_github_MitjaNemec_ReplicateLayout.replicate_layout 895:found match in dst footprint: 'F5'
07-23 21:53:45 com_github_MitjaNemec_ReplicateLayout.replicate_layout 990:Src text UUid:10e51052-2952-41d0-8eda-69e3ab76867e
07-23 21:53:45 com_github_MitjaNemec_ReplicateLayout.replicate_layout 991:Dst text UUid:fef18d68-bca3-4eed-9051-38d957ce383a
07-23 21:53:45 com_github_MitjaNemec_ReplicateLayout.replicate_layout 990:Src text UUid:8ebfede6-f156-468d-a46e-4261de9781a1
07-23 21:53:45 com_github_MitjaNemec_ReplicateLayout.replicate_layout 991:Dst text UUid:bc93e33e-5dae-4ab8-bb11-9108890f19a3
07-23 21:53:45 com_github_MitjaNemec_ReplicateLayout.replicate_layout 870:Replicating footprints on sheet ['/Power Output5/']
07-23 21:53:45 com_github_MitjaNemec_ReplicateLayout.replicate_layout 835:Src fp.id: 'C7558BA8-B748-4650-8D74-EE7BCA381AD0'
07-23 21:53:45 com_github_MitjaNemec_ReplicateLayout.replicate_layout 839:Dst fp.id: 'C7558BA8-B748-4650-8D74-EE7BCA381AD0'
07-23 21:53:45 com_github_MitjaNemec_ReplicateLayout.replicate_layout 888:Replicating footprint: 'J1'
07-23 21:53:45 com_github_MitjaNemec_ReplicateLayout.replicate_layout 835:Src fp.id: 'C7558BA8-B748-4650-8D74-EE7BCA381AD0'
07-23 21:53:45 com_github_MitjaNemec_ReplicateLayout.replicate_layout 839:Dst fp.id: 'C7558BA8-B748-4650-8D74-EE7BCA381AD0'
07-23 21:53:45 com_github_MitjaNemec_ReplicateLayout.replicate_layout 895:found match in dst footprint: 'J6'
07-23 21:53:45 com_github_MitjaNemec_ReplicateLayout.replicate_layout 990:Src text UUid:b670c366-2cbe-4bab-a7e9-b3e5832f8632
07-23 21:53:45 com_github_MitjaNemec_ReplicateLayout.replicate_layout 991:Dst text UUid:6dd5e159-7085-4325-b8b7-73b105560e1a
07-23 21:53:45 com_github_MitjaNemec_ReplicateLayout.replicate_layout 990:Src text UUid:734ef93c-3811-4b19-9834-4f2982b883cd
07-23 21:53:45 com_github_MitjaNemec_ReplicateLayout.replicate_layout 991:Dst text UUid:d461b127-e3ee-4873-b05a-1d0edd3fb61b
07-23 21:53:45 com_github_MitjaNemec_ReplicateLayout.replicate_layout 990:Src text UUid:22881d36-c280-40e5-ab39-6f057c1df20b
07-23 21:53:45 com_github_MitjaNemec_ReplicateLayout.replicate_layout 991:Dst text UUid:89657893-0758-49fd-900b-5bf7c01d0506
07-23 21:53:45 com_github_MitjaNemec_ReplicateLayout.replicate_layout 990:Src text UUid:6b47a59e-7ed2-4258-bf23-284b9531057c
07-23 21:53:45 com_github_MitjaNemec_ReplicateLayout.replicate_layout 991:Dst text UUid:043dcd94-e6f7-47ab-9001-38d467499710
07-23 21:53:45 com_github_MitjaNemec_ReplicateLayout.replicate_layout 990:Src text UUid:02dee529-e7f5-4266-888b-a15b2987ff17
07-23 21:53:45 com_github_MitjaNemec_ReplicateLayout.replicate_layout 991:Dst text UUid:92935481-44c2-45d9-bedc-fa0c0e0709d1
07-23 21:53:45 com_github_MitjaNemec_ReplicateLayout.replicate_layout 888:Replicating footprint: 'F1'
07-23 21:53:45 com_github_MitjaNemec_ReplicateLayout.replicate_layout 835:Src fp.id: '144E7670-AAEA-4A7D-90E5-853082AB39E8'
07-23 21:53:45 com_github_MitjaNemec_ReplicateLayout.replicate_layout 839:Dst fp.id: '144E7670-AAEA-4A7D-90E5-853082AB39E8'
07-23 21:53:45 com_github_MitjaNemec_ReplicateLayout.replicate_layout 895:found match in dst footprint: 'F6'
07-23 21:53:45 com_github_MitjaNemec_ReplicateLayout.replicate_layout 990:Src text UUid:10e51052-2952-41d0-8eda-69e3ab76867e
07-23 21:53:45 com_github_MitjaNemec_ReplicateLayout.replicate_layout 991:Dst text UUid:0fd98c4b-0d7a-4cf7-b49e-808d747ca636
07-23 21:53:45 com_github_MitjaNemec_ReplicateLayout.replicate_layout 990:Src text UUid:8ebfede6-f156-468d-a46e-4261de9781a1
07-23 21:53:45 com_github_MitjaNemec_ReplicateLayout.replicate_layout 991:Dst text UUid:4df72099-6a9b-46d6-a53d-13520af4eaf7
07-23 21:53:45 com_github_MitjaNemec_ReplicateLayout.replicate_layout 870:Replicating footprints on sheet ['/Power Output6/']
07-23 21:53:45 com_github_MitjaNemec_ReplicateLayout.replicate_layout 835:Src fp.id: 'C7558BA8-B748-4650-8D74-EE7BCA381AD0'
07-23 21:53:45 com_github_MitjaNemec_ReplicateLayout.replicate_layout 839:Dst fp.id: 'C7558BA8-B748-4650-8D74-EE7BCA381AD0'
07-23 21:53:45 com_github_MitjaNemec_ReplicateLayout.replicate_layout 888:Replicating footprint: 'J1'
07-23 21:53:45 com_github_MitjaNemec_ReplicateLayout.replicate_layout 835:Src fp.id: 'C7558BA8-B748-4650-8D74-EE7BCA381AD0'
07-23 21:53:45 com_github_MitjaNemec_ReplicateLayout.replicate_layout 839:Dst fp.id: 'C7558BA8-B748-4650-8D74-EE7BCA381AD0'
07-23 21:53:45 com_github_MitjaNemec_ReplicateLayout.replicate_layout 895:found match in dst footprint: 'J7'
07-23 21:53:45 com_github_MitjaNemec_ReplicateLayout.replicate_layout 990:Src text UUid:b670c366-2cbe-4bab-a7e9-b3e5832f8632
07-23 21:53:45 com_github_MitjaNemec_ReplicateLayout.replicate_layout 991:Dst text UUid:00ed58f5-a4da-4792-bb90-f10e324e1ed7
07-23 21:53:45 com_github_MitjaNemec_ReplicateLayout.replicate_layout 990:Src text UUid:734ef93c-3811-4b19-9834-4f2982b883cd
07-23 21:53:45 com_github_MitjaNemec_ReplicateLayout.replicate_layout 991:Dst text UUid:44a230c1-1480-4857-a68b-3d284120c5ff
07-23 21:53:45 com_github_MitjaNemec_ReplicateLayout.replicate_layout 990:Src text UUid:22881d36-c280-40e5-ab39-6f057c1df20b
07-23 21:53:45 com_github_MitjaNemec_ReplicateLayout.replicate_layout 991:Dst text UUid:b176bf5c-5209-4cff-a74c-8107e4b8ea0f
07-23 21:53:45 com_github_MitjaNemec_ReplicateLayout.replicate_layout 990:Src text UUid:6b47a59e-7ed2-4258-bf23-284b9531057c
07-23 21:53:45 com_github_MitjaNemec_ReplicateLayout.replicate_layout 991:Dst text UUid:58fdaf3c-c376-42a3-b33b-11309d82b32d
07-23 21:53:45 com_github_MitjaNemec_ReplicateLayout.replicate_layout 990:Src text UUid:02dee529-e7f5-4266-888b-a15b2987ff17
07-23 21:53:45 com_github_MitjaNemec_ReplicateLayout.replicate_layout 991:Dst text UUid:caa26823-d759-43cc-b091-037d1b582d82
07-23 21:53:45 com_github_MitjaNemec_ReplicateLayout.replicate_layout 888:Replicating footprint: 'F1'
07-23 21:53:45 com_github_MitjaNemec_ReplicateLayout.replicate_layout 835:Src fp.id: '144E7670-AAEA-4A7D-90E5-853082AB39E8'
07-23 21:53:45 com_github_MitjaNemec_ReplicateLayout.replicate_layout 839:Dst fp.id: '144E7670-AAEA-4A7D-90E5-853082AB39E8'
07-23 21:53:45 com_github_MitjaNemec_ReplicateLayout.replicate_layout 895:found match in dst footprint: 'F7'
07-23 21:53:45 com_github_MitjaNemec_ReplicateLayout.replicate_layout 990:Src text UUid:10e51052-2952-41d0-8eda-69e3ab76867e
07-23 21:53:45 com_github_MitjaNemec_ReplicateLayout.replicate_layout 991:Dst text UUid:bf4b43a4-779b-42bf-bdb7-0dab22ee226c
07-23 21:53:45 com_github_MitjaNemec_ReplicateLayout.replicate_layout 990:Src text UUid:8ebfede6-f156-468d-a46e-4261de9781a1
07-23 21:53:45 com_github_MitjaNemec_ReplicateLayout.replicate_layout 991:Dst text UUid:f2a31423-2e6b-4eb3-93ca-c364d40f121a
07-23 21:53:45 com_github_MitjaNemec_ReplicateLayout.replicate_layout 870:Replicating footprints on sheet ['/Power Output7/']
07-23 21:53:45 com_github_MitjaNemec_ReplicateLayout.replicate_layout 835:Src fp.id: 'C7558BA8-B748-4650-8D74-EE7BCA381AD0'
07-23 21:53:45 com_github_MitjaNemec_ReplicateLayout.replicate_layout 839:Dst fp.id: 'C7558BA8-B748-4650-8D74-EE7BCA381AD0'
07-23 21:53:45 com_github_MitjaNemec_ReplicateLayout.replicate_layout 888:Replicating footprint: 'J1'
07-23 21:53:45 com_github_MitjaNemec_ReplicateLayout.replicate_layout 835:Src fp.id: 'C7558BA8-B748-4650-8D74-EE7BCA381AD0'
07-23 21:53:45 com_github_MitjaNemec_ReplicateLayout.replicate_layout 839:Dst fp.id: 'C7558BA8-B748-4650-8D74-EE7BCA381AD0'
07-23 21:53:45 com_github_MitjaNemec_ReplicateLayout.replicate_layout 895:found match in dst footprint: 'J8'
07-23 21:53:45 com_github_MitjaNemec_ReplicateLayout.replicate_layout 990:Src text UUid:b670c366-2cbe-4bab-a7e9-b3e5832f8632
07-23 21:53:45 com_github_MitjaNemec_ReplicateLayout.replicate_layout 991:Dst text UUid:7c3f5469-fc33-4f11-b9ca-1745c3f3a198
07-23 21:53:45 com_github_MitjaNemec_ReplicateLayout.replicate_layout 990:Src text UUid:734ef93c-3811-4b19-9834-4f2982b883cd
07-23 21:53:45 com_github_MitjaNemec_ReplicateLayout.replicate_layout 991:Dst text UUid:d2741751-4fa7-412f-bbb8-d615b6b8d425
07-23 21:53:45 com_github_MitjaNemec_ReplicateLayout.replicate_layout 990:Src text UUid:22881d36-c280-40e5-ab39-6f057c1df20b
07-23 21:53:45 com_github_MitjaNemec_ReplicateLayout.replicate_layout 991:Dst text UUid:ff33d1e4-1885-4a01-8b57-6ba23c367974
07-23 21:53:45 com_github_MitjaNemec_ReplicateLayout.replicate_layout 990:Src text UUid:6b47a59e-7ed2-4258-bf23-284b9531057c
07-23 21:53:45 com_github_MitjaNemec_ReplicateLayout.replicate_layout 991:Dst text UUid:0b6877e4-cefc-44de-afd9-d4f4ef45ced5
07-23 21:53:45 com_github_MitjaNemec_ReplicateLayout.replicate_layout 990:Src text UUid:02dee529-e7f5-4266-888b-a15b2987ff17
07-23 21:53:45 com_github_MitjaNemec_ReplicateLayout.replicate_layout 991:Dst text UUid:21b55873-7890-41e4-bd5c-115535dc90a0
07-23 21:53:45 com_github_MitjaNemec_ReplicateLayout.replicate_layout 888:Replicating footprint: 'F1'
07-23 21:53:45 com_github_MitjaNemec_ReplicateLayout.replicate_layout 835:Src fp.id: '144E7670-AAEA-4A7D-90E5-853082AB39E8'
07-23 21:53:45 com_github_MitjaNemec_ReplicateLayout.replicate_layout 839:Dst fp.id: '144E7670-AAEA-4A7D-90E5-853082AB39E8'
07-23 21:53:45 com_github_MitjaNemec_ReplicateLayout.replicate_layout 895:found match in dst footprint: 'F8'
07-23 21:53:45 com_github_MitjaNemec_ReplicateLayout.replicate_layout 990:Src text UUid:10e51052-2952-41d0-8eda-69e3ab76867e
07-23 21:53:45 com_github_MitjaNemec_ReplicateLayout.replicate_layout 991:Dst text UUid:98086ede-e593-4ef2-8639-0ade76de49fd
07-23 21:53:45 com_github_MitjaNemec_ReplicateLayout.replicate_layout 990:Src text UUid:8ebfede6-f156-468d-a46e-4261de9781a1
07-23 21:53:45 com_github_MitjaNemec_ReplicateLayout.replicate_layout 991:Dst text UUid:bf534a05-d303-4bbf-bcce-317ad34d6741
07-23 21:53:45 com_github_MitjaNemec_ReplicateLayout.replicate_layout 870:Replicating footprints on sheet ['/Power Output8/']
07-23 21:53:45 com_github_MitjaNemec_ReplicateLayout.replicate_layout 835:Src fp.id: 'C7558BA8-B748-4650-8D74-EE7BCA381AD0'
07-23 21:53:45 com_github_MitjaNemec_ReplicateLayout.replicate_layout 839:Dst fp.id: 'C7558BA8-B748-4650-8D74-EE7BCA381AD0'
07-23 21:53:45 com_github_MitjaNemec_ReplicateLayout.replicate_layout 888:Replicating footprint: 'J1'
07-23 21:53:45 com_github_MitjaNemec_ReplicateLayout.replicate_layout 835:Src fp.id: 'C7558BA8-B748-4650-8D74-EE7BCA381AD0'
07-23 21:53:45 com_github_MitjaNemec_ReplicateLayout.replicate_layout 839:Dst fp.id: 'C7558BA8-B748-4650-8D74-EE7BCA381AD0'
07-23 21:53:45 com_github_MitjaNemec_ReplicateLayout.replicate_layout 895:found match in dst footprint: 'J9'
07-23 21:53:45 com_github_MitjaNemec_ReplicateLayout.replicate_layout 990:Src text UUid:b670c366-2cbe-4bab-a7e9-b3e5832f8632
07-23 21:53:45 com_github_MitjaNemec_ReplicateLayout.replicate_layout 991:Dst text UUid:f2aba17a-0d43-486f-bfc3-aa6a10bc5560
07-23 21:53:45 com_github_MitjaNemec_ReplicateLayout.replicate_layout 990:Src text UUid:734ef93c-3811-4b19-9834-4f2982b883cd
07-23 21:53:45 com_github_MitjaNemec_ReplicateLayout.replicate_layout 991:Dst text UUid:054e2343-9299-4ae5-8335-49bd48dfa4c2
07-23 21:53:45 com_github_MitjaNemec_ReplicateLayout.replicate_layout 990:Src text UUid:22881d36-c280-40e5-ab39-6f057c1df20b
07-23 21:53:45 com_github_MitjaNemec_ReplicateLayout.replicate_layout 991:Dst text UUid:cd2a0dae-4379-4398-a66f-48e469875005
07-23 21:53:45 com_github_MitjaNemec_ReplicateLayout.replicate_layout 990:Src text UUid:6b47a59e-7ed2-4258-bf23-284b9531057c
07-23 21:53:45 com_github_MitjaNemec_ReplicateLayout.replicate_layout 991:Dst text UUid:29eb4610-7d0c-479f-ba58-1155228bc68b
07-23 21:53:45 com_github_MitjaNemec_ReplicateLayout.replicate_layout 990:Src text UUid:02dee529-e7f5-4266-888b-a15b2987ff17
07-23 21:53:45 com_github_MitjaNemec_ReplicateLayout.replicate_layout 991:Dst text UUid:3c5b259a-c4a3-4c71-9115-9095dcc60c3a
07-23 21:53:45 com_github_MitjaNemec_ReplicateLayout.replicate_layout 888:Replicating footprint: 'F1'
07-23 21:53:45 com_github_MitjaNemec_ReplicateLayout.replicate_layout 835:Src fp.id: '144E7670-AAEA-4A7D-90E5-853082AB39E8'
07-23 21:53:45 com_github_MitjaNemec_ReplicateLayout.replicate_layout 839:Dst fp.id: '144E7670-AAEA-4A7D-90E5-853082AB39E8'
07-23 21:53:45 com_github_MitjaNemec_ReplicateLayout.replicate_layout 895:found match in dst footprint: 'F9'
07-23 21:53:45 com_github_MitjaNemec_ReplicateLayout.replicate_layout 990:Src text UUid:10e51052-2952-41d0-8eda-69e3ab76867e
07-23 21:53:45 com_github_MitjaNemec_ReplicateLayout.replicate_layout 991:Dst text UUid:f771ea67-1598-4603-897f-0d8cfe58ebc3
07-23 21:53:45 com_github_MitjaNemec_ReplicateLayout.replicate_layout 990:Src text UUid:8ebfede6-f156-468d-a46e-4261de9781a1
07-23 21:53:45 com_github_MitjaNemec_ReplicateLayout.replicate_layout 991:Dst text UUid:d6abee68-037d-4987-8cdd-7e4b8e75082c
07-23 21:53:45 com_github_MitjaNemec_ReplicateLayout.replicate_layout 870:Replicating footprints on sheet ['/Power Output9/']
07-23 21:53:45 com_github_MitjaNemec_ReplicateLayout.replicate_layout 835:Src fp.id: 'C7558BA8-B748-4650-8D74-EE7BCA381AD0'
07-23 21:53:45 com_github_MitjaNemec_ReplicateLayout.replicate_layout 839:Dst fp.id: 'C7558BA8-B748-4650-8D74-EE7BCA381AD0'
07-23 21:53:45 com_github_MitjaNemec_ReplicateLayout.replicate_layout 888:Replicating footprint: 'J1'
07-23 21:53:45 com_github_MitjaNemec_ReplicateLayout.replicate_layout 835:Src fp.id: 'C7558BA8-B748-4650-8D74-EE7BCA381AD0'
07-23 21:53:45 com_github_MitjaNemec_ReplicateLayout.replicate_layout 839:Dst fp.id: 'C7558BA8-B748-4650-8D74-EE7BCA381AD0'
07-23 21:53:45 com_github_MitjaNemec_ReplicateLayout.replicate_layout 895:found match in dst footprint: 'J10'
07-23 21:53:45 com_github_MitjaNemec_ReplicateLayout.replicate_layout 990:Src text UUid:b670c366-2cbe-4bab-a7e9-b3e5832f8632
07-23 21:53:45 com_github_MitjaNemec_ReplicateLayout.replicate_layout 991:Dst text UUid:fa2ec468-f693-4bae-b920-1ff663dae92d
07-23 21:53:45 com_github_MitjaNemec_ReplicateLayout.replicate_layout 990:Src text UUid:734ef93c-3811-4b19-9834-4f2982b883cd
07-23 21:53:45 com_github_MitjaNemec_ReplicateLayout.replicate_layout 991:Dst text UUid:c31b1796-c966-417b-ace5-64842f078e90
07-23 21:53:45 com_github_MitjaNemec_ReplicateLayout.replicate_layout 990:Src text UUid:22881d36-c280-40e5-ab39-6f057c1df20b
07-23 21:53:45 com_github_MitjaNemec_ReplicateLayout.replicate_layout 991:Dst text UUid:3e5e3645-822a-4617-87fe-20fedb843f6d
07-23 21:53:45 com_github_MitjaNemec_ReplicateLayout.replicate_layout 990:Src text UUid:6b47a59e-7ed2-4258-bf23-284b9531057c
07-23 21:53:45 com_github_MitjaNemec_ReplicateLayout.replicate_layout 991:Dst text UUid:57c14166-cfcd-4529-84de-2221edb94423
07-23 21:53:45 com_github_MitjaNemec_ReplicateLayout.replicate_layout 990:Src text UUid:02dee529-e7f5-4266-888b-a15b2987ff17
07-23 21:53:45 com_github_MitjaNemec_ReplicateLayout.replicate_layout 991:Dst text UUid:cb642e40-c8e1-4fc2-a0fb-0d8a7a1d81a4
07-23 21:53:45 com_github_MitjaNemec_ReplicateLayout.replicate_layout 888:Replicating footprint: 'F1'
07-23 21:53:45 com_github_MitjaNemec_ReplicateLayout.replicate_layout 835:Src fp.id: '144E7670-AAEA-4A7D-90E5-853082AB39E8'
07-23 21:53:45 com_github_MitjaNemec_ReplicateLayout.replicate_layout 839:Dst fp.id: '144E7670-AAEA-4A7D-90E5-853082AB39E8'
07-23 21:53:45 com_github_MitjaNemec_ReplicateLayout.replicate_layout 895:found match in dst footprint: 'F10'
07-23 21:53:45 com_github_MitjaNemec_ReplicateLayout.replicate_layout 990:Src text UUid:10e51052-2952-41d0-8eda-69e3ab76867e
07-23 21:53:45 com_github_MitjaNemec_ReplicateLayout.replicate_layout 991:Dst text UUid:b4095ee8-da1a-44f8-b7a2-ab011db166fa
07-23 21:53:45 com_github_MitjaNemec_ReplicateLayout.replicate_layout 990:Src text UUid:8ebfede6-f156-468d-a46e-4261de9781a1
07-23 21:53:45 com_github_MitjaNemec_ReplicateLayout.replicate_layout 991:Dst text UUid:dbf0aeab-7ca8-41e9-a06a-5472f6a1529a
07-23 21:53:45 root 340:updating GUI message: 'Replicating tracks'
07-23 21:53:45 root 345:updating GUI with: 0
07-23 21:53:45 com_github_MitjaNemec_ReplicateLayout.replicate_layout 1014:Replicating tracks
07-23 21:53:45 com_github_MitjaNemec_ReplicateLayout.replicate_layout 1020:Replicating tracks on sheet ['/Power Output1/']
07-23 21:53:45 com_github_MitjaNemec_ReplicateLayout.replicate_layout 835:Src fp.id: 'C7558BA8-B748-4650-8D74-EE7BCA381AD0'
07-23 21:53:45 com_github_MitjaNemec_ReplicateLayout.replicate_layout 839:Dst fp.id: 'C7558BA8-B748-4650-8D74-EE7BCA381AD0'
07-23 21:53:45 com_github_MitjaNemec_ReplicateLayout.replicate_layout 792:Net pairs for sheet ['/Power Output1/'] :[('GND1', 'GND1'), ('P1', 'P2'), ('Net-(J1-Pin_1)', 'Net-(J2-Pin_1)')]
07-23 21:53:45 com_github_MitjaNemec_ReplicateLayout.replicate_layout 1020:Replicating tracks on sheet ['/Power Output10/']
07-23 21:53:45 com_github_MitjaNemec_ReplicateLayout.replicate_layout 835:Src fp.id: 'C7558BA8-B748-4650-8D74-EE7BCA381AD0'
07-23 21:53:45 com_github_MitjaNemec_ReplicateLayout.replicate_layout 839:Dst fp.id: 'C7558BA8-B748-4650-8D74-EE7BCA381AD0'
07-23 21:53:45 com_github_MitjaNemec_ReplicateLayout.replicate_layout 792:Net pairs for sheet ['/Power Output10/'] :[('Net-(J1-Pin_1)', 'Net-(J11-Pin_1)'), ('GND1', 'GND5'), ('P1', 'P11')]
07-23 21:53:45 com_github_MitjaNemec_ReplicateLayout.replicate_layout 1020:Replicating tracks on sheet ['/Power Output11/']
07-23 21:53:45 com_github_MitjaNemec_ReplicateLayout.replicate_layout 835:Src fp.id: 'C7558BA8-B748-4650-8D74-EE7BCA381AD0'
07-23 21:53:45 com_github_MitjaNemec_ReplicateLayout.replicate_layout 839:Dst fp.id: 'C7558BA8-B748-4650-8D74-EE7BCA381AD0'
07-23 21:53:45 com_github_MitjaNemec_ReplicateLayout.replicate_layout 792:Net pairs for sheet ['/Power Output11/'] :[('GND1', 'GND5'), ('P1', 'P12'), ('Net-(J1-Pin_1)', 'Net-(J12-Pin_1)')]
07-23 21:53:45 com_github_MitjaNemec_ReplicateLayout.replicate_layout 1020:Replicating tracks on sheet ['/Power Output12/']
07-23 21:53:45 com_github_MitjaNemec_ReplicateLayout.replicate_layout 835:Src fp.id: 'C7558BA8-B748-4650-8D74-EE7BCA381AD0'
07-23 21:53:45 com_github_MitjaNemec_ReplicateLayout.replicate_layout 839:Dst fp.id: 'C7558BA8-B748-4650-8D74-EE7BCA381AD0'
07-23 21:53:45 com_github_MitjaNemec_ReplicateLayout.replicate_layout 792:Net pairs for sheet ['/Power Output12/'] :[('GND1', 'GND6'), ('Net-(J1-Pin_1)', 'Net-(J13-Pin_1)'), ('P1', 'P13')]
07-23 21:53:45 com_github_MitjaNemec_ReplicateLayout.replicate_layout 1020:Replicating tracks on sheet ['/Power Output13/']
07-23 21:53:45 com_github_MitjaNemec_ReplicateLayout.replicate_layout 835:Src fp.id: 'C7558BA8-B748-4650-8D74-EE7BCA381AD0'
07-23 21:53:45 com_github_MitjaNemec_ReplicateLayout.replicate_layout 839:Dst fp.id: 'C7558BA8-B748-4650-8D74-EE7BCA381AD0'
07-23 21:53:45 com_github_MitjaNemec_ReplicateLayout.replicate_layout 792:Net pairs for sheet ['/Power Output13/'] :[('Net-(J1-Pin_1)', 'Net-(J14-Pin_1)'), ('P1', 'P14'), ('GND1', 'GND6')]
07-23 21:53:45 com_github_MitjaNemec_ReplicateLayout.replicate_layout 1020:Replicating tracks on sheet ['/Power Output2/']
07-23 21:53:45 com_github_MitjaNemec_ReplicateLayout.replicate_layout 835:Src fp.id: 'C7558BA8-B748-4650-8D74-EE7BCA381AD0'
07-23 21:53:45 com_github_MitjaNemec_ReplicateLayout.replicate_layout 839:Dst fp.id: 'C7558BA8-B748-4650-8D74-EE7BCA381AD0'
07-23 21:53:45 com_github_MitjaNemec_ReplicateLayout.replicate_layout 792:Net pairs for sheet ['/Power Output2/'] :[('Net-(J1-Pin_1)', 'Net-(J3-Pin_1)'), ('GND1', 'GND1'), ('P1', 'P3')]
07-23 21:53:45 com_github_MitjaNemec_ReplicateLayout.replicate_layout 1020:Replicating tracks on sheet ['/Power Output3/']
07-23 21:53:45 com_github_MitjaNemec_ReplicateLayout.replicate_layout 835:Src fp.id: 'C7558BA8-B748-4650-8D74-EE7BCA381AD0'
07-23 21:53:45 com_github_MitjaNemec_ReplicateLayout.replicate_layout 839:Dst fp.id: 'C7558BA8-B748-4650-8D74-EE7BCA381AD0'
07-23 21:53:45 com_github_MitjaNemec_ReplicateLayout.replicate_layout 792:Net pairs for sheet ['/Power Output3/'] :[('Net-(J1-Pin_1)', 'Net-(J4-Pin_1)'), ('P1', 'P4'), ('GND1', 'GND2')]
07-23 21:53:45 com_github_MitjaNemec_ReplicateLayout.replicate_layout 1020:Replicating tracks on sheet ['/Power Output4/']
07-23 21:53:45 com_github_MitjaNemec_ReplicateLayout.replicate_layout 835:Src fp.id: 'C7558BA8-B748-4650-8D74-EE7BCA381AD0'
07-23 21:53:45 com_github_MitjaNemec_ReplicateLayout.replicate_layout 839:Dst fp.id: 'C7558BA8-B748-4650-8D74-EE7BCA381AD0'
07-23 21:53:45 com_github_MitjaNemec_ReplicateLayout.replicate_layout 792:Net pairs for sheet ['/Power Output4/'] :[('GND1', 'GND2'), ('Net-(J1-Pin_1)', 'Net-(J5-Pin_1)'), ('P1', 'P5')]
07-23 21:53:45 com_github_MitjaNemec_ReplicateLayout.replicate_layout 1020:Replicating tracks on sheet ['/Power Output5/']
07-23 21:53:45 com_github_MitjaNemec_ReplicateLayout.replicate_layout 835:Src fp.id: 'C7558BA8-B748-4650-8D74-EE7BCA381AD0'
07-23 21:53:45 com_github_MitjaNemec_ReplicateLayout.replicate_layout 839:Dst fp.id: 'C7558BA8-B748-4650-8D74-EE7BCA381AD0'
07-23 21:53:45 com_github_MitjaNemec_ReplicateLayout.replicate_layout 792:Net pairs for sheet ['/Power Output5/'] :[('P1', 'P6'), ('GND1', 'GND3'), ('Net-(J1-Pin_1)', 'Net-(J6-Pin_1)')]
07-23 21:53:45 com_github_MitjaNemec_ReplicateLayout.replicate_layout 1020:Replicating tracks on sheet ['/Power Output6/']
07-23 21:53:45 com_github_MitjaNemec_ReplicateLayout.replicate_layout 835:Src fp.id: 'C7558BA8-B748-4650-8D74-EE7BCA381AD0'
07-23 21:53:45 com_github_MitjaNemec_ReplicateLayout.replicate_layout 839:Dst fp.id: 'C7558BA8-B748-4650-8D74-EE7BCA381AD0'
07-23 21:53:45 com_github_MitjaNemec_ReplicateLayout.replicate_layout 792:Net pairs for sheet ['/Power Output6/'] :[('GND1', 'GND3'), ('Net-(J1-Pin_1)', 'Net-(J7-Pin_1)'), ('P1', 'P7')]
07-23 21:53:45 com_github_MitjaNemec_ReplicateLayout.replicate_layout 1020:Replicating tracks on sheet ['/Power Output7/']
07-23 21:53:45 com_github_MitjaNemec_ReplicateLayout.replicate_layout 835:Src fp.id: 'C7558BA8-B748-4650-8D74-EE7BCA381AD0'
07-23 21:53:45 com_github_MitjaNemec_ReplicateLayout.replicate_layout 839:Dst fp.id: 'C7558BA8-B748-4650-8D74-EE7BCA381AD0'
07-23 21:53:45 com_github_MitjaNemec_ReplicateLayout.replicate_layout 792:Net pairs for sheet ['/Power Output7/'] :[('GND1', 'GND3'), ('P1', 'P8'), ('Net-(J1-Pin_1)', 'Net-(J8-Pin_1)')]
07-23 21:53:45 com_github_MitjaNemec_ReplicateLayout.replicate_layout 1020:Replicating tracks on sheet ['/Power Output8/']
07-23 21:53:45 com_github_MitjaNemec_ReplicateLayout.replicate_layout 835:Src fp.id: 'C7558BA8-B748-4650-8D74-EE7BCA381AD0'
07-23 21:53:45 com_github_MitjaNemec_ReplicateLayout.replicate_layout 839:Dst fp.id: 'C7558BA8-B748-4650-8D74-EE7BCA381AD0'
07-23 21:53:45 com_github_MitjaNemec_ReplicateLayout.replicate_layout 792:Net pairs for sheet ['/Power Output8/'] :[('GND1', 'GND4'), ('P1', 'P9'), ('Net-(J1-Pin_1)', 'Net-(J9-Pin_1)')]
07-23 21:53:45 com_github_MitjaNemec_ReplicateLayout.replicate_layout 1020:Replicating tracks on sheet ['/Power Output9/']
07-23 21:53:45 com_github_MitjaNemec_ReplicateLayout.replicate_layout 835:Src fp.id: 'C7558BA8-B748-4650-8D74-EE7BCA381AD0'
07-23 21:53:45 com_github_MitjaNemec_ReplicateLayout.replicate_layout 839:Dst fp.id: 'C7558BA8-B748-4650-8D74-EE7BCA381AD0'
07-23 21:53:45 com_github_MitjaNemec_ReplicateLayout.replicate_layout 792:Net pairs for sheet ['/Power Output9/'] :[('Net-(J1-Pin_1)', 'Net-(J10-Pin_1)'), ('GND1', 'GND4'), ('P1', 'P10')]
07-23 21:53:45 root 340:updating GUI message: 'Replicating zones'
07-23 21:53:45 com_github_MitjaNemec_ReplicateLayout.replicate_layout 1084:Replicating zones
07-23 21:53:45 com_github_MitjaNemec_ReplicateLayout.replicate_layout 1091:Replicating zones on sheet ['/Power Output1/']
07-23 21:53:45 com_github_MitjaNemec_ReplicateLayout.replicate_layout 835:Src fp.id: 'C7558BA8-B748-4650-8D74-EE7BCA381AD0'
07-23 21:53:45 com_github_MitjaNemec_ReplicateLayout.replicate_layout 839:Dst fp.id: 'C7558BA8-B748-4650-8D74-EE7BCA381AD0'
07-23 21:53:45 com_github_MitjaNemec_ReplicateLayout.replicate_layout 792:Net pairs for sheet ['/Power Output1/'] :[('GND1', 'GND1'), ('P1', 'P2'), ('Net-(J1-Pin_1)', 'Net-(J2-Pin_1)')]
07-23 21:53:45 com_github_MitjaNemec_ReplicateLayout.replicate_layout 1091:Replicating zones on sheet ['/Power Output10/']
07-23 21:53:45 com_github_MitjaNemec_ReplicateLayout.replicate_layout 835:Src fp.id: 'C7558BA8-B748-4650-8D74-EE7BCA381AD0'
07-23 21:53:45 com_github_MitjaNemec_ReplicateLayout.replicate_layout 839:Dst fp.id: 'C7558BA8-B748-4650-8D74-EE7BCA381AD0'
07-23 21:53:45 com_github_MitjaNemec_ReplicateLayout.replicate_layout 792:Net pairs for sheet ['/Power Output10/'] :[('Net-(J1-Pin_1)', 'Net-(J11-Pin_1)'), ('GND1', 'GND5'), ('P1', 'P11')]
07-23 21:53:45 com_github_MitjaNemec_ReplicateLayout.replicate_layout 1091:Replicating zones on sheet ['/Power Output11/']
07-23 21:53:45 com_github_MitjaNemec_ReplicateLayout.replicate_layout 835:Src fp.id: 'C7558BA8-B748-4650-8D74-EE7BCA381AD0'
07-23 21:53:45 com_github_MitjaNemec_ReplicateLayout.replicate_layout 839:Dst fp.id: 'C7558BA8-B748-4650-8D74-EE7BCA381AD0'
07-23 21:53:45 com_github_MitjaNemec_ReplicateLayout.replicate_layout 792:Net pairs for sheet ['/Power Output11/'] :[('GND1', 'GND5'), ('P1', 'P12'), ('Net-(J1-Pin_1)', 'Net-(J12-Pin_1)')]
07-23 21:53:45 com_github_MitjaNemec_ReplicateLayout.replicate_layout 1091:Replicating zones on sheet ['/Power Output12/']
07-23 21:53:45 com_github_MitjaNemec_ReplicateLayout.replicate_layout 835:Src fp.id: 'C7558BA8-B748-4650-8D74-EE7BCA381AD0'
07-23 21:53:45 com_github_MitjaNemec_ReplicateLayout.replicate_layout 839:Dst fp.id: 'C7558BA8-B748-4650-8D74-EE7BCA381AD0'
07-23 21:53:45 com_github_MitjaNemec_ReplicateLayout.replicate_layout 792:Net pairs for sheet ['/Power Output12/'] :[('GND1', 'GND6'), ('Net-(J1-Pin_1)', 'Net-(J13-Pin_1)'), ('P1', 'P13')]
07-23 21:53:45 com_github_MitjaNemec_ReplicateLayout.replicate_layout 1091:Replicating zones on sheet ['/Power Output13/']
07-23 21:53:45 com_github_MitjaNemec_ReplicateLayout.replicate_layout 835:Src fp.id: 'C7558BA8-B748-4650-8D74-EE7BCA381AD0'
07-23 21:53:45 com_github_MitjaNemec_ReplicateLayout.replicate_layout 839:Dst fp.id: 'C7558BA8-B748-4650-8D74-EE7BCA381AD0'
07-23 21:53:45 com_github_MitjaNemec_ReplicateLayout.replicate_layout 792:Net pairs for sheet ['/Power Output13/'] :[('Net-(J1-Pin_1)', 'Net-(J14-Pin_1)'), ('P1', 'P14'), ('GND1', 'GND6')]
07-23 21:53:45 com_github_MitjaNemec_ReplicateLayout.replicate_layout 1091:Replicating zones on sheet ['/Power Output2/']
07-23 21:53:45 com_github_MitjaNemec_ReplicateLayout.replicate_layout 835:Src fp.id: 'C7558BA8-B748-4650-8D74-EE7BCA381AD0'
07-23 21:53:45 com_github_MitjaNemec_ReplicateLayout.replicate_layout 839:Dst fp.id: 'C7558BA8-B748-4650-8D74-EE7BCA381AD0'
07-23 21:53:45 com_github_MitjaNemec_ReplicateLayout.replicate_layout 792:Net pairs for sheet ['/Power Output2/'] :[('Net-(J1-Pin_1)', 'Net-(J3-Pin_1)'), ('GND1', 'GND1'), ('P1', 'P3')]
07-23 21:53:45 com_github_MitjaNemec_ReplicateLayout.replicate_layout 1091:Replicating zones on sheet ['/Power Output3/']
07-23 21:53:45 com_github_MitjaNemec_ReplicateLayout.replicate_layout 835:Src fp.id: 'C7558BA8-B748-4650-8D74-EE7BCA381AD0'
07-23 21:53:45 com_github_MitjaNemec_ReplicateLayout.replicate_layout 839:Dst fp.id: 'C7558BA8-B748-4650-8D74-EE7BCA381AD0'
07-23 21:53:45 com_github_MitjaNemec_ReplicateLayout.replicate_layout 792:Net pairs for sheet ['/Power Output3/'] :[('Net-(J1-Pin_1)', 'Net-(J4-Pin_1)'), ('P1', 'P4'), ('GND1', 'GND2')]
07-23 21:53:46 com_github_MitjaNemec_ReplicateLayout.replicate_layout 1091:Replicating zones on sheet ['/Power Output4/']
07-23 21:53:46 com_github_MitjaNemec_ReplicateLayout.replicate_layout 835:Src fp.id: 'C7558BA8-B748-4650-8D74-EE7BCA381AD0'
07-23 21:53:46 com_github_MitjaNemec_ReplicateLayout.replicate_layout 839:Dst fp.id: 'C7558BA8-B748-4650-8D74-EE7BCA381AD0'
07-23 21:53:46 com_github_MitjaNemec_ReplicateLayout.replicate_layout 792:Net pairs for sheet ['/Power Output4/'] :[('GND1', 'GND2'), ('Net-(J1-Pin_1)', 'Net-(J5-Pin_1)'), ('P1', 'P5')]
07-23 21:53:46 com_github_MitjaNemec_ReplicateLayout.replicate_layout 1091:Replicating zones on sheet ['/Power Output5/']
07-23 21:53:46 com_github_MitjaNemec_ReplicateLayout.replicate_layout 835:Src fp.id: 'C7558BA8-B748-4650-8D74-EE7BCA381AD0'
07-23 21:53:46 com_github_MitjaNemec_ReplicateLayout.replicate_layout 839:Dst fp.id: 'C7558BA8-B748-4650-8D74-EE7BCA381AD0'
07-23 21:53:46 com_github_MitjaNemec_ReplicateLayout.replicate_layout 792:Net pairs for sheet ['/Power Output5/'] :[('P1', 'P6'), ('GND1', 'GND3'), ('Net-(J1-Pin_1)', 'Net-(J6-Pin_1)')]
07-23 21:53:46 com_github_MitjaNemec_ReplicateLayout.replicate_layout 1091:Replicating zones on sheet ['/Power Output6/']
07-23 21:53:46 com_github_MitjaNemec_ReplicateLayout.replicate_layout 835:Src fp.id: 'C7558BA8-B748-4650-8D74-EE7BCA381AD0'
07-23 21:53:46 com_github_MitjaNemec_ReplicateLayout.replicate_layout 839:Dst fp.id: 'C7558BA8-B748-4650-8D74-EE7BCA381AD0'
07-23 21:53:46 com_github_MitjaNemec_ReplicateLayout.replicate_layout 792:Net pairs for sheet ['/Power Output6/'] :[('GND1', 'GND3'), ('Net-(J1-Pin_1)', 'Net-(J7-Pin_1)'), ('P1', 'P7')]
07-23 21:53:46 com_github_MitjaNemec_ReplicateLayout.replicate_layout 1091:Replicating zones on sheet ['/Power Output7/']
07-23 21:53:46 com_github_MitjaNemec_ReplicateLayout.replicate_layout 835:Src fp.id: 'C7558BA8-B748-4650-8D74-EE7BCA381AD0'
07-23 21:53:46 com_github_MitjaNemec_ReplicateLayout.replicate_layout 839:Dst fp.id: 'C7558BA8-B748-4650-8D74-EE7BCA381AD0'
07-23 21:53:46 com_github_MitjaNemec_ReplicateLayout.replicate_layout 792:Net pairs for sheet ['/Power Output7/'] :[('GND1', 'GND3'), ('P1', 'P8'), ('Net-(J1-Pin_1)', 'Net-(J8-Pin_1)')]
07-23 21:53:46 com_github_MitjaNemec_ReplicateLayout.replicate_layout 1091:Replicating zones on sheet ['/Power Output8/']
07-23 21:53:46 com_github_MitjaNemec_ReplicateLayout.replicate_layout 835:Src fp.id: 'C7558BA8-B748-4650-8D74-EE7BCA381AD0'
07-23 21:53:46 com_github_MitjaNemec_ReplicateLayout.replicate_layout 839:Dst fp.id: 'C7558BA8-B748-4650-8D74-EE7BCA381AD0'
07-23 21:53:46 com_github_MitjaNemec_ReplicateLayout.replicate_layout 792:Net pairs for sheet ['/Power Output8/'] :[('GND1', 'GND4'), ('P1', 'P9'), ('Net-(J1-Pin_1)', 'Net-(J9-Pin_1)')]
07-23 21:53:46 com_github_MitjaNemec_ReplicateLayout.replicate_layout 1091:Replicating zones on sheet ['/Power Output9/']
07-23 21:53:46 com_github_MitjaNemec_ReplicateLayout.replicate_layout 835:Src fp.id: 'C7558BA8-B748-4650-8D74-EE7BCA381AD0'
07-23 21:53:46 com_github_MitjaNemec_ReplicateLayout.replicate_layout 839:Dst fp.id: 'C7558BA8-B748-4650-8D74-EE7BCA381AD0'
07-23 21:53:46 com_github_MitjaNemec_ReplicateLayout.replicate_layout 792:Net pairs for sheet ['/Power Output9/'] :[('Net-(J1-Pin_1)', 'Net-(J10-Pin_1)'), ('GND1', 'GND4'), ('P1', 'P10')]
07-23 21:53:46 root 340:updating GUI message: 'Replicating text'
07-23 21:53:46 com_github_MitjaNemec_ReplicateLayout.replicate_layout 1173:Replicating text
07-23 21:53:46 com_github_MitjaNemec_ReplicateLayout.replicate_layout 1180:Replicating text on sheet ['/Power Output1/']
07-23 21:53:46 com_github_MitjaNemec_ReplicateLayout.replicate_layout 835:Src fp.id: 'C7558BA8-B748-4650-8D74-EE7BCA381AD0'
07-23 21:53:46 com_github_MitjaNemec_ReplicateLayout.replicate_layout 839:Dst fp.id: 'C7558BA8-B748-4650-8D74-EE7BCA381AD0'
07-23 21:53:46 com_github_MitjaNemec_ReplicateLayout.replicate_layout 1180:Replicating text on sheet ['/Power Output10/']
07-23 21:53:46 com_github_MitjaNemec_ReplicateLayout.replicate_layout 835:Src fp.id: 'C7558BA8-B748-4650-8D74-EE7BCA381AD0'
07-23 21:53:46 com_github_MitjaNemec_ReplicateLayout.replicate_layout 839:Dst fp.id: 'C7558BA8-B748-4650-8D74-EE7BCA381AD0'
07-23 21:53:46 com_github_MitjaNemec_ReplicateLayout.replicate_layout 1180:Replicating text on sheet ['/Power Output11/']
07-23 21:53:46 com_github_MitjaNemec_ReplicateLayout.replicate_layout 835:Src fp.id: 'C7558BA8-B748-4650-8D74-EE7BCA381AD0'
07-23 21:53:46 com_github_MitjaNemec_ReplicateLayout.replicate_layout 839:Dst fp.id: 'C7558BA8-B748-4650-8D74-EE7BCA381AD0'
07-23 21:53:46 com_github_MitjaNemec_ReplicateLayout.replicate_layout 1180:Replicating text on sheet ['/Power Output12/']
07-23 21:53:46 com_github_MitjaNemec_ReplicateLayout.replicate_layout 835:Src fp.id: 'C7558BA8-B748-4650-8D74-EE7BCA381AD0'
07-23 21:53:46 com_github_MitjaNemec_ReplicateLayout.replicate_layout 839:Dst fp.id: 'C7558BA8-B748-4650-8D74-EE7BCA381AD0'
07-23 21:53:46 com_github_MitjaNemec_ReplicateLayout.replicate_layout 1180:Replicating text on sheet ['/Power Output13/']
07-23 21:53:46 com_github_MitjaNemec_ReplicateLayout.replicate_layout 835:Src fp.id: 'C7558BA8-B748-4650-8D74-EE7BCA381AD0'
07-23 21:53:46 com_github_MitjaNemec_ReplicateLayout.replicate_layout 839:Dst fp.id: 'C7558BA8-B748-4650-8D74-EE7BCA381AD0'
07-23 21:53:46 com_github_MitjaNemec_ReplicateLayout.replicate_layout 1180:Replicating text on sheet ['/Power Output2/']
07-23 21:53:46 com_github_MitjaNemec_ReplicateLayout.replicate_layout 835:Src fp.id: 'C7558BA8-B748-4650-8D74-EE7BCA381AD0'
07-23 21:53:46 com_github_MitjaNemec_ReplicateLayout.replicate_layout 839:Dst fp.id: 'C7558BA8-B748-4650-8D74-EE7BCA381AD0'
07-23 21:53:46 com_github_MitjaNemec_ReplicateLayout.replicate_layout 1180:Replicating text on sheet ['/Power Output3/']
07-23 21:53:46 com_github_MitjaNemec_ReplicateLayout.replicate_layout 835:Src fp.id: 'C7558BA8-B748-4650-8D74-EE7BCA381AD0'
07-23 21:53:46 com_github_MitjaNemec_ReplicateLayout.replicate_layout 839:Dst fp.id: 'C7558BA8-B748-4650-8D74-EE7BCA381AD0'
07-23 21:53:46 com_github_MitjaNemec_ReplicateLayout.replicate_layout 1180:Replicating text on sheet ['/Power Output4/']
07-23 21:53:46 com_github_MitjaNemec_ReplicateLayout.replicate_layout 835:Src fp.id: 'C7558BA8-B748-4650-8D74-EE7BCA381AD0'
07-23 21:53:46 com_github_MitjaNemec_ReplicateLayout.replicate_layout 839:Dst fp.id: 'C7558BA8-B748-4650-8D74-EE7BCA381AD0'
07-23 21:53:46 com_github_MitjaNemec_ReplicateLayout.replicate_layout 1180:Replicating text on sheet ['/Power Output5/']
07-23 21:53:46 com_github_MitjaNemec_ReplicateLayout.replicate_layout 835:Src fp.id: 'C7558BA8-B748-4650-8D74-EE7BCA381AD0'
07-23 21:53:46 com_github_MitjaNemec_ReplicateLayout.replicate_layout 839:Dst fp.id: 'C7558BA8-B748-4650-8D74-EE7BCA381AD0'
07-23 21:53:46 com_github_MitjaNemec_ReplicateLayout.replicate_layout 1180:Replicating text on sheet ['/Power Output6/']
07-23 21:53:46 com_github_MitjaNemec_ReplicateLayout.replicate_layout 835:Src fp.id: 'C7558BA8-B748-4650-8D74-EE7BCA381AD0'
07-23 21:53:46 com_github_MitjaNemec_ReplicateLayout.replicate_layout 839:Dst fp.id: 'C7558BA8-B748-4650-8D74-EE7BCA381AD0'
07-23 21:53:46 com_github_MitjaNemec_ReplicateLayout.replicate_layout 1180:Replicating text on sheet ['/Power Output7/']
07-23 21:53:46 com_github_MitjaNemec_ReplicateLayout.replicate_layout 835:Src fp.id: 'C7558BA8-B748-4650-8D74-EE7BCA381AD0'
07-23 21:53:46 com_github_MitjaNemec_ReplicateLayout.replicate_layout 839:Dst fp.id: 'C7558BA8-B748-4650-8D74-EE7BCA381AD0'
07-23 21:53:46 com_github_MitjaNemec_ReplicateLayout.replicate_layout 1180:Replicating text on sheet ['/Power Output8/']
07-23 21:53:46 com_github_MitjaNemec_ReplicateLayout.replicate_layout 835:Src fp.id: 'C7558BA8-B748-4650-8D74-EE7BCA381AD0'
07-23 21:53:46 com_github_MitjaNemec_ReplicateLayout.replicate_layout 839:Dst fp.id: 'C7558BA8-B748-4650-8D74-EE7BCA381AD0'
07-23 21:53:46 com_github_MitjaNemec_ReplicateLayout.replicate_layout 1180:Replicating text on sheet ['/Power Output9/']
07-23 21:53:46 com_github_MitjaNemec_ReplicateLayout.replicate_layout 835:Src fp.id: 'C7558BA8-B748-4650-8D74-EE7BCA381AD0'
07-23 21:53:46 com_github_MitjaNemec_ReplicateLayout.replicate_layout 839:Dst fp.id: 'C7558BA8-B748-4650-8D74-EE7BCA381AD0'
07-23 21:53:46 root 340:updating GUI message: 'Replicating drawings'
07-23 21:53:46 com_github_MitjaNemec_ReplicateLayout.replicate_layout 1224:Replicating drawings
07-23 21:53:46 com_github_MitjaNemec_ReplicateLayout.replicate_layout 1230:Replicating drawings on sheet ['/Power Output1/']
07-23 21:53:46 com_github_MitjaNemec_ReplicateLayout.replicate_layout 835:Src fp.id: 'C7558BA8-B748-4650-8D74-EE7BCA381AD0'
07-23 21:53:46 com_github_MitjaNemec_ReplicateLayout.replicate_layout 839:Dst fp.id: 'C7558BA8-B748-4650-8D74-EE7BCA381AD0'
07-23 21:53:46 com_github_MitjaNemec_ReplicateLayout.replicate_layout 1230:Replicating drawings on sheet ['/Power Output10/']
07-23 21:53:46 com_github_MitjaNemec_ReplicateLayout.replicate_layout 835:Src fp.id: 'C7558BA8-B748-4650-8D74-EE7BCA381AD0'
07-23 21:53:46 com_github_MitjaNemec_ReplicateLayout.replicate_layout 839:Dst fp.id: 'C7558BA8-B748-4650-8D74-EE7BCA381AD0'
07-23 21:53:46 com_github_MitjaNemec_ReplicateLayout.replicate_layout 1230:Replicating drawings on sheet ['/Power Output11/']
07-23 21:53:46 com_github_MitjaNemec_ReplicateLayout.replicate_layout 835:Src fp.id: 'C7558BA8-B748-4650-8D74-EE7BCA381AD0'
07-23 21:53:46 com_github_MitjaNemec_ReplicateLayout.replicate_layout 839:Dst fp.id: 'C7558BA8-B748-4650-8D74-EE7BCA381AD0'
07-23 21:53:46 com_github_MitjaNemec_ReplicateLayout.replicate_layout 1230:Replicating drawings on sheet ['/Power Output12/']
07-23 21:53:46 com_github_MitjaNemec_ReplicateLayout.replicate_layout 835:Src fp.id: 'C7558BA8-B748-4650-8D74-EE7BCA381AD0'
07-23 21:53:46 com_github_MitjaNemec_ReplicateLayout.replicate_layout 839:Dst fp.id: 'C7558BA8-B748-4650-8D74-EE7BCA381AD0'
07-23 21:53:46 com_github_MitjaNemec_ReplicateLayout.replicate_layout 1230:Replicating drawings on sheet ['/Power Output13/']
07-23 21:53:46 com_github_MitjaNemec_ReplicateLayout.replicate_layout 835:Src fp.id: 'C7558BA8-B748-4650-8D74-EE7BCA381AD0'
07-23 21:53:46 com_github_MitjaNemec_ReplicateLayout.replicate_layout 839:Dst fp.id: 'C7558BA8-B748-4650-8D74-EE7BCA381AD0'
07-23 21:53:46 com_github_MitjaNemec_ReplicateLayout.replicate_layout 1230:Replicating drawings on sheet ['/Power Output2/']
07-23 21:53:46 com_github_MitjaNemec_ReplicateLayout.replicate_layout 835:Src fp.id: 'C7558BA8-B748-4650-8D74-EE7BCA381AD0'
07-23 21:53:46 com_github_MitjaNemec_ReplicateLayout.replicate_layout 839:Dst fp.id: 'C7558BA8-B748-4650-8D74-EE7BCA381AD0'
07-23 21:53:46 com_github_MitjaNemec_ReplicateLayout.replicate_layout 1230:Replicating drawings on sheet ['/Power Output3/']
07-23 21:53:46 com_github_MitjaNemec_ReplicateLayout.replicate_layout 835:Src fp.id: 'C7558BA8-B748-4650-8D74-EE7BCA381AD0'
07-23 21:53:46 com_github_MitjaNemec_ReplicateLayout.replicate_layout 839:Dst fp.id: 'C7558BA8-B748-4650-8D74-EE7BCA381AD0'
07-23 21:53:46 com_github_MitjaNemec_ReplicateLayout.replicate_layout 1230:Replicating drawings on sheet ['/Power Output4/']
07-23 21:53:46 com_github_MitjaNemec_ReplicateLayout.replicate_layout 835:Src fp.id: 'C7558BA8-B748-4650-8D74-EE7BCA381AD0'
07-23 21:53:46 com_github_MitjaNemec_ReplicateLayout.replicate_layout 839:Dst fp.id: 'C7558BA8-B748-4650-8D74-EE7BCA381AD0'
07-23 21:53:46 com_github_MitjaNemec_ReplicateLayout.replicate_layout 1230:Replicating drawings on sheet ['/Power Output5/']
07-23 21:53:46 com_github_MitjaNemec_ReplicateLayout.replicate_layout 835:Src fp.id: 'C7558BA8-B748-4650-8D74-EE7BCA381AD0'
07-23 21:53:46 com_github_MitjaNemec_ReplicateLayout.replicate_layout 839:Dst fp.id: 'C7558BA8-B748-4650-8D74-EE7BCA381AD0'
07-23 21:53:46 com_github_MitjaNemec_ReplicateLayout.replicate_layout 1230:Replicating drawings on sheet ['/Power Output6/']
07-23 21:53:46 com_github_MitjaNemec_ReplicateLayout.replicate_layout 835:Src fp.id: 'C7558BA8-B748-4650-8D74-EE7BCA381AD0'
07-23 21:53:46 com_github_MitjaNemec_ReplicateLayout.replicate_layout 839:Dst fp.id: 'C7558BA8-B748-4650-8D74-EE7BCA381AD0'
07-23 21:53:46 com_github_MitjaNemec_ReplicateLayout.replicate_layout 1230:Replicating drawings on sheet ['/Power Output7/']
07-23 21:53:46 com_github_MitjaNemec_ReplicateLayout.replicate_layout 835:Src fp.id: 'C7558BA8-B748-4650-8D74-EE7BCA381AD0'
07-23 21:53:46 com_github_MitjaNemec_ReplicateLayout.replicate_layout 839:Dst fp.id: 'C7558BA8-B748-4650-8D74-EE7BCA381AD0'
07-23 21:53:46 com_github_MitjaNemec_ReplicateLayout.replicate_layout 1230:Replicating drawings on sheet ['/Power Output8/']
07-23 21:53:46 com_github_MitjaNemec_ReplicateLayout.replicate_layout 835:Src fp.id: 'C7558BA8-B748-4650-8D74-EE7BCA381AD0'
07-23 21:53:46 com_github_MitjaNemec_ReplicateLayout.replicate_layout 839:Dst fp.id: 'C7558BA8-B748-4650-8D74-EE7BCA381AD0'
07-23 21:53:46 com_github_MitjaNemec_ReplicateLayout.replicate_layout 1230:Replicating drawings on sheet ['/Power Output9/']
07-23 21:53:46 com_github_MitjaNemec_ReplicateLayout.replicate_layout 835:Src fp.id: 'C7558BA8-B748-4650-8D74-EE7BCA381AD0'
07-23 21:53:46 com_github_MitjaNemec_ReplicateLayout.replicate_layout 839:Dst fp.id: 'C7558BA8-B748-4650-8D74-EE7BCA381AD0'
07-23 21:53:46 com_github_MitjaNemec_ReplicateLayout.action_replicate_layout 264:Replication complete
